 Ergate   model: claude-sonnet-4-20250514                                       
                                                                                
                                 ▸ read main.go                                 
⠹ Read...                                                                       
                                                                                
                                                                                
                                                                                
                                                                                
                                                                                
                                                                                
                                                                                
                                                                                
                                                                                
                                                                                
                                                                                
                                                                                
                                                                                
                                                                                
                                                                                
───                                                                             
┃ Type a message...                                                             
┃   ⏳ turn:2 | ctx:0% | cache:100% | $0.0000                                   