 Ergate   model: claude-sonnet-4-20250514                                       
                                                                                
                                                                                
 Welcome to Ergate!                                                             
                                                                                
   Ctrl+C  Quit                                                                 
   ↑/↓     Scroll                                                               
   Ctrl+P  Previous input                                                       
   Ctrl+N  Next input                                                           
   PgUp/Dn Page scroll                                                          
                                                                                
 Type a message to start...                                                     
                                                                                
                                                                                
                                                                                
                                                                                
                                                                                
                                                                                
                                                                                
───                                                                             
┃ Type a message...                                                             
┃   turn:0 | ctx:0% | cache:100% | $0.0000                                      