 Ergate   model: claude-sonnet-4-20250514                                       
                                                                                
                                 ▸ build all                                    
                                                                                
                                                                                
                                                                                
                                                                                
                                                                                
                                                                                
                                                                                
                                                                                
 ⚙ tool-1 running...                                                            
 ⚙ tool-2 running...                                                            
 ⚙ tool-3 running...                                                            
 ⚙ tool-4 running...                                                            
 ⚙ tool-5 running...                                                            
 ⚙ tool-6 running...                                                            
 ⚙ tool-7 running...                                                            
 [+] 5 more items — click to expand                                             
───                                                                             
┃ Type a message...                                                             
┃   turn:0 | ctx:0% | cache:100% | $0.0000                                      