 Ergate   model: claude-sonnet-4-20250514                                       
                                                                                
                                 ▸ hello                                        
                                                                                
│ Hi!                                                                           
                                                                                
                                                                                
                                                                                
                                                                                
                                                                                
                                                                                
                                                                                
                                                                                
                                                                                
                                                                                
                                                                                
                                                                                
───                                                                             
┃ line one                                                                      
┃ line two                                                                      
┃ line three                                                                    
┃   turn:0 | ctx:0% | cache:100% | $0.0000                                      